A51 MACRO ASSEMBLER  PORTSQ                                                               01/09/2023 14:40:48 PAGE     1


MACRO ASSEMBLER A51 V8.2.7.0
OBJECT MODULE PLACED IN .\Objects\PORTSQ.obj
ASSEMBLER INVOKED BY: C:\Keil_v5\C51\BIN\A51.EXE PORTSQ.asm SET(SMALL) DEBUG PRINT(.\Listings\PORTSQ.lst) OBJECT(.\Objec
                      ts\PORTSQ.obj) EP

LOC  OBJ            LINE     SOURCE

0000                   1     ORG 0H
0000 020064            2     LJMP MAIN
0064                   3     ORG 100
0064                   4     MAIN:
0064 11C8              5     CALL FINDn  
0066 8D30              6     MOV 30H, R5
0068 7840              7     MOV R0, #40H
006A 11D1              8     CALL FINDr  
006C 7840              9     BACK: MOV R0, #40H
006E E6               10     MOV A, @R0
006F AD30             11     MOV R5, 30H
0071                  12     BACKIN:
0071 8EF0             13     MOV B, R6
0073 A4               14     MUL AB
0074 F590             15     MOV P1, A
0076 11D9             16     CALL DELAY 
0078 DDF7             17     DJNZ R5, BACKIN
007A 80F0             18     JMP BACK
                      19     
00C8                  20     ORG 200
00C8                  21     FINDn:
00C8 C000             22     PUSH 0
00CA 7850             23     MOV R0, #50H
00CC E6               24     MOV A, @R0
00CD FD               25     MOV R5, A  
00CE D000             26     POP 0
00D0 22               27     RET
                      28     
00D1                  29     FINDr:
00D1 08               30     INC R0
00D2 E6               31     MOV A, @R0
00D3 18               32     DEC R0
00D4 86F0             33     MOV B, @R0
00D6 84               34     DIV AB
00D7 FE               35     MOV R6, A
00D8 22               36     RET
                      37     
00D9                  38     DELAY:
00D9 C0E0             39     PUSH ACC
00DB C0F0             40     PUSH B
00DD C005             41     PUSH 5
00DF C006             42     PUSH 6
00E1 7DFF             43     MOV R5, #0FFh
00E3 7EFF             44     MOV R6, #0FFh
00E5 1D               45     HERE1: DEC R5
00E6 DEFE             46     HERE2: DJNZ R6, HERE2
00E8 ED               47     MOV A, R5
00E9 70FA             48     JNZ HERE1
00EB D006             49     POP 6
00ED D005             50     POP 5
00EF D0F0             51     POP B
00F1 D0E0             52     POP ACC
00F3 22               53     RET
                      54     
                      55     END
A51 MACRO ASSEMBLER  PORTSQ                                                               01/09/2023 14:40:48 PAGE     2

SYMBOL TABLE LISTING
------ ----- -------


N A M E             T Y P E  V A L U E   ATTRIBUTES

ACC. . . . . . . .  D ADDR   00E0H   A   
B. . . . . . . . .  D ADDR   00F0H   A   
BACK . . . . . . .  C ADDR   006CH   A   
BACKIN . . . . . .  C ADDR   0071H   A   
DELAY. . . . . . .  C ADDR   00D9H   A   
FINDN. . . . . . .  C ADDR   00C8H   A   
FINDR. . . . . . .  C ADDR   00D1H   A   
HERE1. . . . . . .  C ADDR   00E5H   A   
HERE2. . . . . . .  C ADDR   00E6H   A   
MAIN . . . . . . .  C ADDR   0064H   A   
P1 . . . . . . . .  D ADDR   0090H   A   


REGISTER BANK(S) USED: 0 


ASSEMBLY COMPLETE.  0 WARNING(S), 0 ERROR(S)
